// Jest Snapshot v1, https://goo.gl/fbAQLP

exports[`render home screen match snap 1`] = `
<View
  style={
    {
      "flex": 1,
    }
  }
  testID="listContainer"
>
  <View
    style={
      {
        "alignItems": "center",
        "flex": 1,
        "justifyContent": "center",
      }
    }
    testID="loadingContainer"
  >
    <Text
      style={
        {
          "color": "#000",
          "marginBottom": 10,
        }
      }
    >
      Loading Data ...
    </Text>
    <ActivityIndicator
      size="large"
    />
  </View>
</View>
`;
