// Jest Snapshot v1, https://goo.gl/fbAQLP

exports[`StoreItems match snapshot 1`] = `
<View
  style={
    {
      "flex": 0.5,
    }
  }
>
  <Image
    resizeMode="contain"
    source={
      {
        "uri": "https://example.com/product1.jpg",
      }
    }
    style={
      {
        "alignSelf": "center",
        "height": 400,
        "width": 400,
      }
    }
  />
  <View
    style={
      {
        "alignItems": "center",
        "backgroundColor": "#0F52BA",
        "borderRadius": 10,
        "flexDirection": "row",
        "justifyContent": "space-between",
        "marginHorizontal": 4,
        "paddingHorizontal": 5,
        "paddingVertical": 2,
      }
    }
  >
    <Text
      numberOfLines={1}
      style={
        {
          "color": "#FFF",
          "flex": 0.75,
          "fontSize": 17,
          "fontWeight": "500",
        }
      }
    >
      Product 1
    </Text>
    <Text
      style={
        [
          {
            "color": "#FFF",
            "flex": 0.75,
            "fontSize": 17,
            "fontWeight": "500",
          },
          {
            "flex": 0.25,
            "fontSize": 15.5,
            "textAlign": "right",
          },
        ]
      }
    >
      $
      10
    </Text>
  </View>
  <View
    accessibilityState={
      {
        "busy": undefined,
        "checked": undefined,
        "disabled": undefined,
        "expanded": undefined,
        "selected": undefined,
      }
    }
    accessibilityValue={
      {
        "max": undefined,
        "min": undefined,
        "now": undefined,
        "text": undefined,
      }
    }
    accessible={true}
    collapsable={false}
    focusable={true}
    onClick={[Function]}
    onResponderGrant={[Function]}
    onResponderMove={[Function]}
    onResponderRelease={[Function]}
    onResponderTerminate={[Function]}
    onResponderTerminationRequest={[Function]}
    onStartShouldSetResponder={[Function]}
    style={
      {
        "alignSelf": "center",
        "backgroundColor": "#0F52BA",
        "borderRadius": 5,
        "marginHorizontal": 4,
        "marginVertical": 2,
        "opacity": 1,
        "paddingHorizontal": 20,
        "paddingVertical": 7,
      }
    }
    testID="btnContainer"
  >
    <Text
      style={
        {
          "color": "#FFF",
          "fontSize": 17,
        }
      }
      testID="btnText"
    >
      Add to cart
    </Text>
  </View>
</View>
`;
